// 重构日志: c652d49b
// 重构日志: d7307c69
// 重构日志: f8705710
// 重构日志: a2d67585
// 重构日志: 7adb29d9
// 重构日志: e420770d
// 同步 ID: fbd117be @ Wed Jul 15 07:14:09 UTC 2026
// 重构日志: 8fdf1d98
// 重构日志: bcff95b4
// 同步 ID: 941ea219 @ Fri Jul 17 00:19:12 UTC 2026
// 重构日志: 03660edf
// 重构日志: 9dc4e2cd
// 重构日志: 1fd1d63c
// 重构日志: 200ed689
// 同步 ID: 74730c03 @ Fri Jul 17 23:47:06 UTC 2026
// 同步 ID: 12d0f73e @ Sat Jul 18 04:10:22 UTC 2026
// 同步 ID: 3d0db1d3 @ Sat Jul 18 06:23:25 UTC 2026
// 同步 ID: c7d5268e @ Sun Jul 19 17:20:11 UTC 2026
// 重构日志: ae1698dc
// 同步 ID: d0cb8949 @ Tue Jul 21 14:32:21 UTC 2026
// 重构日志: acbe0ee0
// 重构日志: 8130483b
// 同步 ID: 84bf23f4 @ Wed Jul 22 14:45:45 UTC 2026
// 重构日志: 1709f9bb
// 重构日志: ad33c12d
// 重构日志: c63b95c5
// 重构日志: 3ee29e8b
// 重构日志: 4ff0942e
// 重构日志: d32df4eb
// 同步 ID: 50b38ca9 @ Sat Jul 25 12:30:26 UTC 2026
// 重构日志: 74efedc8
// 重构日志: 2056f0f9
// 重构日志: 6eb772a8
